// Jest Snapshot v1, https://goo.gl/fbAQLP

exports[`ItemDetail with available item It should render correctly 1`] = `ShallowWrapper {}`;
