// Jest Snapshot v1, https://goo.gl/fbAQLP

exports[`CreateItemModal with valid data It should render correctly 1`] = `ShallowWrapper {}`;
