// Jest Snapshot v1, https://goo.gl/fbAQLP

exports[`EditItemModal with valid data It should render correctly 1`] = `ShallowWrapper {}`;
