// Jest Snapshot v1, https://goo.gl/fbAQLP

exports[`Login with correct credentials It should render correctly 1`] = `ShallowWrapper {}`;
