// Jest Snapshot v1, https://goo.gl/fbAQLP

exports[`Register with input validations It should render correctly 1`] = `ShallowWrapper {}`;
