// Jest Snapshot v1, https://goo.gl/fbAQLP

exports[`CreateItemModal It should render correctly 1`] = `ShallowWrapper {}`;
