// Jest Snapshot v1, https://goo.gl/fbAQLP

exports[`Main for guests It should render correctly 1`] = `ShallowWrapper {}`;

exports[`Main for users It should render correctly 1`] = `ShallowWrapper {}`;
