// Jest Snapshot v1, https://goo.gl/fbAQLP

exports[`/components/CategoryList It should render correctly 1`] = `ShallowWrapper {}`;
