// Jest Snapshot v1, https://goo.gl/fbAQLP

exports[`/components/HomePage It should render correctly 1`] = `ShallowWrapper {}`;
