// Jest Snapshot v1, https://goo.gl/fbAQLP

exports[`ItemList with full items It should render correctly 1`] = `ShallowWrapper {}`;
